// Jest Snapshot v1, https://goo.gl/fbAQLP

exports[`packAnimal can take an alternative algorithm 1`] = `
Array [
  Object {
    "cssText": "
        position: absolute;
        top: 0;
        left: 0;
        transform-origin: 0 0;
        width: 10%;
        height: 10%;
        transform: translateX(900%) translateY(900%) rotate(0deg)
      ",
    "matrix": "{
      \\"a\\":1,
      \\"b\\":0,
      \\"c\\":0,
      \\"d\\":1,
      \\"e\\":45,
      \\"f\\":45
    }",
    "points": Array [
      Object {
        "x": 45,
        "y": 45,
      },
      Object {
        "x": 50,
        "y": 45,
      },
      Object {
        "x": 47.5,
        "y": 50,
      },
    ],
    "rotate": -0,
    "scale": 1,
    "svgTransform": "matrix(1,0,0,1,45,45)",
    "translateX": 45,
    "translateY": 45,
  },
  Object {
    "cssText": "
        position: absolute;
        top: 0;
        left: 0;
        transform-origin: 0 0;
        width: 10%;
        height: 10%;
        transform: translateX(790%) translateY(900%) rotate(0deg)
      ",
    "matrix": "{
      \\"a\\":1,
      \\"b\\":0,
      \\"c\\":0,
      \\"d\\":1,
      \\"e\\":39.5,
      \\"f\\":45
    }",
    "points": Array [
      Object {
        "x": 39.5,
        "y": 45,
      },
      Object {
        "x": 44.5,
        "y": 45,
      },
      Object {
        "x": 44.5,
        "y": 50,
      },
      Object {
        "x": 39.5,
        "y": 50,
      },
    ],
    "rotate": -0,
    "scale": 1,
    "svgTransform": "matrix(1,0,0,1,39.5,45)",
    "translateX": 39.5,
    "translateY": 45,
  },
  Object {
    "cssText": "
        position: absolute;
        top: 0;
        left: 0;
        transform-origin: 0 0;
        width: 10%;
        height: 10%;
        transform: translateX(680%) translateY(900%) rotate(0deg)
      ",
    "matrix": "{
      \\"a\\":1,
      \\"b\\":0,
      \\"c\\":0,
      \\"d\\":1,
      \\"e\\":34,
      \\"f\\":45
    }",
    "points": Array [
      Object {
        "x": 34,
        "y": 45,
      },
      Object {
        "x": 39,
        "y": 45,
      },
      Object {
        "x": 36.5,
        "y": 50,
      },
    ],
    "rotate": -0,
    "scale": 1,
    "svgTransform": "matrix(1,0,0,1,34,45)",
    "translateX": 34,
    "translateY": 45,
  },
]
`;

exports[`packAnimal can take an alternative algorithm 2`] = `
Array [
  Object {
    "cssText": "
        position: absolute;
        top: 0;
        left: 0;
        transform-origin: 0 0;
        width: 9%;
        height: 9%;
        transform: translateX(627.7777777777777%) translateY(505.55555555555554%) rotate(0deg)
      ",
    "matrix": "{
      \\"a\\":0.9,
      \\"b\\":0,
      \\"c\\":0,
      \\"d\\":0.9,
      \\"e\\":28.25,
      \\"f\\":22.75
    }",
    "points": Array [
      Object {
        "x": 28.25,
        "y": 22.75,
      },
      Object {
        "x": 32.75,
        "y": 22.75,
      },
      Object {
        "x": 30.5,
        "y": 27.25,
      },
    ],
    "rotate": -0,
    "scale": 0.9,
    "svgTransform": "matrix(0.9,0,0,0.9,28.25,22.75)",
    "translateX": 28.25,
    "translateY": 22.75,
  },
  Object {
    "cssText": "
        position: absolute;
        top: 0;
        left: 0;
        transform-origin: 0 0;
        width: 9%;
        height: 9%;
        transform: translateX(505.55555555555554%) translateY(505.55555555555554%) rotate(0deg)
      ",
    "matrix": "{
      \\"a\\":0.9,
      \\"b\\":0,
      \\"c\\":0,
      \\"d\\":0.9,
      \\"e\\":22.75,
      \\"f\\":22.75
    }",
    "points": Array [
      Object {
        "x": 22.75,
        "y": 22.75,
      },
      Object {
        "x": 27.25,
        "y": 22.75,
      },
      Object {
        "x": 27.25,
        "y": 27.25,
      },
      Object {
        "x": 22.75,
        "y": 27.25,
      },
    ],
    "rotate": -0,
    "scale": 0.9,
    "svgTransform": "matrix(0.9,0,0,0.9,22.75,22.75)",
    "translateX": 22.75,
    "translateY": 22.75,
  },
  Object {
    "cssText": "
        position: absolute;
        top: 0;
        left: 0;
        transform-origin: 0 0;
        width: 9%;
        height: 9%;
        transform: translateX(383.33333333333337%) translateY(505.55555555555554%) rotate(0deg)
      ",
    "matrix": "{
      \\"a\\":0.9,
      \\"b\\":0,
      \\"c\\":0,
      \\"d\\":0.9,
      \\"e\\":17.25,
      \\"f\\":22.75
    }",
    "points": Array [
      Object {
        "x": 17.25,
        "y": 22.75,
      },
      Object {
        "x": 21.75,
        "y": 22.75,
      },
      Object {
        "x": 19.5,
        "y": 27.25,
      },
    ],
    "rotate": -0,
    "scale": 0.9,
    "svgTransform": "matrix(0.9,0,0,0.9,17.25,22.75)",
    "translateX": 17.25,
    "translateY": 22.75,
  },
]
`;

exports[`packAnimal can take an alternative algorithm 3`] = `
Array [
  Object {
    "cssText": "
        position: absolute;
        top: 0;
        left: 0;
        transform-origin: 0 0;
        width: 10%;
        height: 10%;
        transform: translateX(560%) translateY(450%) rotate(0deg)
      ",
    "matrix": "{
      \\"a\\":1,
      \\"b\\":0,
      \\"c\\":0,
      \\"d\\":1,
      \\"e\\":28,
      \\"f\\":22.5
    }",
    "points": Array [
      Object {
        "x": 28,
        "y": 22.5,
      },
      Object {
        "x": 33,
        "y": 22.5,
      },
      Object {
        "x": 30.5,
        "y": 27.5,
      },
    ],
    "rotate": -0,
    "scale": 1,
    "svgTransform": "matrix(1,0,0,1,28,22.5)",
    "translateX": 28,
    "translateY": 22.5,
  },
  Object {
    "cssText": "
        position: absolute;
        top: 0;
        left: 0;
        transform-origin: 0 0;
        width: 10%;
        height: 10%;
        transform: translateX(450%) translateY(450%) rotate(0deg)
      ",
    "matrix": "{
      \\"a\\":1,
      \\"b\\":0,
      \\"c\\":0,
      \\"d\\":1,
      \\"e\\":22.5,
      \\"f\\":22.5
    }",
    "points": Array [
      Object {
        "x": 22.5,
        "y": 22.5,
      },
      Object {
        "x": 27.5,
        "y": 22.5,
      },
      Object {
        "x": 27.5,
        "y": 27.5,
      },
      Object {
        "x": 22.5,
        "y": 27.5,
      },
    ],
    "rotate": -0,
    "scale": 1,
    "svgTransform": "matrix(1,0,0,1,22.5,22.5)",
    "translateX": 22.5,
    "translateY": 22.5,
  },
  Object {
    "cssText": "
        position: absolute;
        top: 0;
        left: 0;
        transform-origin: 0 0;
        width: 10%;
        height: 10%;
        transform: translateX(340%) translateY(450%) rotate(0deg)
      ",
    "matrix": "{
      \\"a\\":1,
      \\"b\\":0,
      \\"c\\":0,
      \\"d\\":1,
      \\"e\\":17,
      \\"f\\":22.5
    }",
    "points": Array [
      Object {
        "x": 17,
        "y": 22.5,
      },
      Object {
        "x": 22,
        "y": 22.5,
      },
      Object {
        "x": 19.5,
        "y": 27.5,
      },
    ],
    "rotate": -0,
    "scale": 1,
    "svgTransform": "matrix(1,0,0,1,17,22.5)",
    "translateX": 17,
    "translateY": 22.5,
  },
]
`;

exports[`packAnimal can take an alternative algorithm 4`] = `
Array [
  Object {
    "cssText": "
        position: absolute;
        top: 0;
        left: 0;
        transform-origin: 0 0;
        width: 11.027953465469182%;
        height: 11.027953465469182%;
        transform: translateX(951.400740760499%) translateY(857.5437124475767%) rotate(10.277322009205808deg)
      ",
    "matrix": "{
      \\"a\\":1.0851018022176455,
      \\"b\\":0.19675277682806766,
      \\"c\\":-0.19675277682806766,
      \\"d\\":1.0851018022176455,
      \\"e\\":52.46001548059846,
      \\"f\\":47.2847607773878
    }",
    "points": Array [
      Object {
        "x": 52.46001548059846,
        "y": 47.2847607773878,
      },
      Object {
        "x": 57.88552449168668,
        "y": 48.26852466152814,
      },
      Object {
        "x": 54.18900610200223,
        "y": 53.2021517305462,
      },
    ],
    "rotate": 10.277322009205808,
    "scale": 1.1027953465469182,
    "svgTransform": "matrix(1.0851018022176455,0.19675277682806766,-0.19675277682806766,1.0851018022176455,52.46001548059846,47.2847607773878)",
    "translateX": 52.46001548059846,
    "translateY": 47.2847607773878,
  },
  Object {
    "cssText": "
        position: absolute;
        top: 0;
        left: 0;
        transform-origin: 0 0;
        width: 11.9371299110353%;
        height: 11.9371299110353%;
        transform: translateX(1113.4780562448095%) translateY(1213.1223721306028%) rotate(19.35183431021869deg)
      ",
    "matrix": "{
      \\"a\\":1.1262700643374626,
      \\"b\\":0.3955583993630073,
      \\"c\\":-0.3955583993630073,
      \\"d\\":1.1262700643374626,
      \\"e\\":66.4586610524068,
      \\"f\\":72.40599677053157
    }",
    "points": Array [
      Object {
        "x": 66.4586610524068,
        "y": 72.40599677053157,
      },
      Object {
        "x": 72.0900113740941,
        "y": 74.38378876734662,
      },
      Object {
        "x": 70.11221937727908,
        "y": 80.01513908903392,
      },
      Object {
        "x": 64.48086905559175,
        "y": 78.03734709221888,
      },
    ],
    "rotate": 19.35183431021869,
    "scale": 1.19371299110353,
    "svgTransform": "matrix(1.1262700643374626,0.3955583993630073,-0.3955583993630073,1.1262700643374626,66.4586610524068,72.40599677053157)",
    "translateX": 66.4586610524068,
    "translateY": 72.40599677053157,
  },
  Object {
    "cssText": "
        position: absolute;
        top: 0;
        left: 0;
        transform-origin: 0 0;
        width: 11.659965465776622%;
        height: 11.659965465776622%;
        transform: translateX(1277.2273135070322%) translateY(-3.782754362793194%) rotate(16.59048588946461deg)
      ",
    "matrix": "{
      \\"a\\":1.117456110968503,
      \\"b\\":0.3329260979409443,
      \\"c\\":-0.3329260979409443,
      \\"d\\":1.117456110968503,
      \\"e\\":74.46213183719324,
      \\"f\\":-0.2205339261784225
    }",
    "points": Array [
      Object {
        "x": 74.46213183719324,
        "y": -0.2205339261784225,
      },
      Object {
        "x": 80.04941239203575,
        "y": 1.444096563526299,
      },
      Object {
        "x": 75.59114162490978,
        "y": 6.199061873516453,
      },
    ],
    "rotate": 16.59048588946461,
    "scale": 1.1659965465776623,
    "svgTransform": "matrix(1.117456110968503,0.3329260979409443,-0.3329260979409443,1.117456110968503,74.46213183719324,-0.2205339261784225)",
    "translateX": 74.46213183719324,
    "translateY": -0.2205339261784225,
  },
]
`;
